PLINK v1.90p 64-bit (6 Sep 2023)
Options in effect:
  --allow-extra-chr
  --bfile 7_ibd/related_removed
  --extract range hg19_Twist_Bioscience_for_Illumina_Exome_2_5.bed
  --make-bed
  --out 8_exome_only/exomes

Hostname: Bryaxis.local
Working directory: /Users/aidana/Documents/kaz_we/!NEW_ATTEMPT/plink_attempt_2.0
Start time: Thu Sep 25 16:46:46 2025

Random number seed: 1758800806
24576 MB RAM detected; reserving 12288 MB for main workspace.
183012 variants loaded from .bim file.
108 people (56 males, 52 females) loaded from .fam.
--extract range: 128373 variants excluded.
--extract range: 54639 variants remaining.
Using 1 thread (no multithreaded calculations invoked).
Before main variant filters, 108 founders and 0 nonfounders present.
Calculating allele frequencies... done.
Total genotyping rate is 0.997912.
54639 variants and 108 people pass filters and QC.
Note: No phenotypes present.
--make-bed to 8_exome_only/exomes.bed + 8_exome_only/exomes.bim +
8_exome_only/exomes.fam ... done.

End time: Thu Sep 25 16:46:46 2025
